
> nextn@0.1.0 build
> next build

   Γû▓ Next.js 15.5.9
   - Environments: .env.local

   Creating an optimized production build ...
 Γ£ô Compiled successfully in 15.2s
   Skipping validation of types
   Skipping linting
   Collecting page data ...
node.exe : Firebase Admin not initialized
At line:1 char:1
+ & "C:\Program Files\nodejs/node.exe" "C:\Program Files\nodejs/node_mo ...
+ ~~~~~~~~~~~~~~~~~~~~~~~~~~~~~~~~~~~~~~~~~~~~~~~~~~~~~~~~~~~~~~~~~~~~~
    + CategoryInfo          : NotSpecified: (Firebase Admin not initialized:St 
   ring) [], RemoteException
    + FullyQualifiedErrorId : NativeCommandError
 
   Generating static pages (0/81) ...
   Generating static pages (20/81) 
   Generating static pages (40/81) 
   Generating static pages (60/81) 
 Γ£ô Generating static pages (81/81)
   Finalizing page optimization ...
   Collecting build traces ...

Route (app)                                 Size  First Load JS
Γöî Γùï /                                    2.56 kB         268 kB
Γö£ Γùï /_not-found                          1.01 kB         103 kB
Γö£ Γùï /about                               10.1 kB         145 kB
Γö£ Γùï /admin-dashboard                     4.92 kB         227 kB
Γö£ Γùï /admin-dashboard/analytics           2.21 kB         225 kB
Γö£ Γùï /admin-dashboard/bookings             3.8 kB         226 kB
Γö£ Γùï /admin-dashboard/messages             3.3 kB         226 kB
Γö£ Γùï /admin-dashboard/reports             3.68 kB         226 kB
Γö£ Γùï /admin-dashboard/rides               3.93 kB         226 kB
Γö£ Γùï /admin-dashboard/users               3.63 kB         226 kB
Γö£ Γùï /admin-login                         2.74 kB         142 kB
Γö£ Γùï /analytics/fast                      3.33 kB         111 kB
Γö£ Γùï /analytics/ned                       3.39 kB         111 kB
Γö£ ╞Æ /api/admin/analytics                   232 B         102 kB
Γö£ ╞Æ /api/admin/approvals                   232 B         102 kB
Γö£ ╞Æ /api/admin/bookings                    232 B         102 kB
Γö£ ╞Æ /api/admin/isAdmin                     232 B         102 kB
Γö£ ╞Æ /api/admin/isMember                    232 B         102 kB
Γö£ ╞Æ /api/admin/messages                    232 B         102 kB
Γö£ ╞Æ /api/admin/reports                     232 B         102 kB
Γö£ ╞Æ /api/admin/rides                       232 B         102 kB
Γö£ ╞Æ /api/admin/stats                       232 B         102 kB
Γö£ ╞Æ /api/admin/universities                232 B         102 kB
Γö£ ╞Æ /api/admin/users                       232 B         102 kB
Γö£ ╞Æ /api/admin/verify                      232 B         102 kB
Γö£ ╞Æ /api/analytics/driver                  232 B         102 kB
Γö£ ╞Æ /api/analytics/passenger               232 B         102 kB
Γö£ ╞Æ /api/analytics/process-completed       232 B         102 kB
Γö£ ╞Æ /api/check-email-available             232 B         102 kB
Γö£ ╞Æ /api/confirm-password-reset            232 B         102 kB
Γö£ ╞Æ /api/contact                           232 B         102 kB
Γö£ ╞Æ /api/fix-profile                       232 B         102 kB
Γö£ ╞Æ /api/nominatim/reverse                 232 B         102 kB
Γö£ ╞Æ /api/nominatim/search                  232 B         102 kB
Γö£ ╞Æ /api/ors                               232 B         102 kB
Γö£ ╞Æ /api/public-rides                      232 B         102 kB
Γö£ ╞Æ /api/rating/pending                    232 B         102 kB
Γö£ ╞Æ /api/rating/submit                     232 B         102 kB
Γö£ ╞Æ /api/requests/accept                   232 B         102 kB
Γö£ ╞Æ /api/requests/cancel                   232 B         102 kB
Γö£ ╞Æ /api/requests/confirm                  232 B         102 kB
Γö£ ╞Æ /api/requests/confirm-later            232 B         102 kB
Γö£ ╞Æ /api/requests/reject                   232 B         102 kB
Γö£ ╞Æ /api/rides/[rideId]/stops              232 B         102 kB
Γö£ ╞Æ /api/rides/generate-stops              232 B         102 kB
Γö£ ╞Æ /api/send-password-reset-otp           232 B         102 kB
Γö£ ╞Æ /api/send-signup-otp                   232 B         102 kB
Γö£ ╞Æ /api/send-verification-email           232 B         102 kB
Γö£ ╞Æ /api/session                           232 B         102 kB
Γö£ ╞Æ /api/verify-password-reset-code        232 B         102 kB
Γö£ ╞Æ /api/verify-signup-email               232 B         102 kB
Γö£ ╞Æ /api/verify-university-email           232 B         102 kB
Γö£ Γùï /auth/fast/login                       658 B         275 kB
Γö£ Γùï /auth/fast/register                    659 B         275 kB
Γö£ Γùï /auth/forgot-password                5.38 kB         120 kB
Γö£ Γùï /auth/karachi/login                    662 B         275 kB
Γö£ Γùï /auth/karachi/register                 664 B         275 kB
Γö£ Γùï /auth/ned/login                        658 B         275 kB
Γö£ Γùï /auth/ned/register                     660 B         275 kB
Γö£ Γùï /auth/reset-password/set-password    6.05 kB         120 kB
Γö£ Γùï /auth/reset-password/verify-code     5.59 kB         120 kB
Γö£ Γùï /auth/select-university              8.54 kB         144 kB
Γö£ Γùï /auth/verify-email                   5.84 kB         250 kB
Γö£ Γùï /contact-us                            212 B         292 kB
Γö£ Γùï /dashboard/account                     10 kB         321 kB
Γö£ Γùï /dashboard/analytics                  136 kB         413 kB
Γö£ Γùï /dashboard/complete-profile           6.6 kB         279 kB
Γö£ Γùï /dashboard/contact                     298 B         292 kB
Γö£ Γùï /dashboard/create-ride                103 kB         455 kB
Γö£ Γùï /dashboard/my-bookings               5.53 kB         395 kB
Γö£ Γùï /dashboard/my-rides                  9.95 kB         399 kB
Γö£ Γùï /dashboard/report                      295 B         293 kB
Γö£ Γùï /dashboard/rides                     18.2 kB         385 kB
Γö£ Γùï /dashboard/rides/filters              5.3 kB         278 kB
Γö£ Γùï /debug/firestore-debug               2.66 kB         244 kB
Γö£ Γùï /how-it-works                        2.52 kB         138 kB
Γö£ Γùï /report                                210 B         293 kB
Γö£ Γùï /rides                               2.29 kB         268 kB
Γö£ Γùï /terms                               9.44 kB         124 kB
Γöö Γùï /unauthorized                        2.08 kB         116 kB
+ First Load JS shared by all             102 kB
  Γö£ chunks/1255-aebc29113a908d03.js      45.2 kB
  Γö£ chunks/4bd1b696-182b6b13bdad92e3.js  54.2 kB
  Γöö other shared chunks (total)          2.29 kB


Γùï  (Static)   prerendered as static content
╞Æ  (Dynamic)  server-rendered on demand

